// Jest Snapshot v1, https://goo.gl/fbAQLP

exports[`Tags renders if we really have some tags 1`] = `
<DocumentFragment>
  <ul>
    <li>
      <span
        class="highlight"
      >
        @foo
      </span>
    </li>
    <li>
      <span
        class="highlight"
      >
        @bar
      </span>
    </li>
  </ul>
</DocumentFragment>
`;
